// Jest Snapshot v1, https://goo.gl/fbAQLP

exports[`Pins Component snapshot matches 1`] = `
<View
  style={
    {
      "alignItems": "center",
      "backgroundColor": "#f5f5f5",
      "flex": 1,
      "justifyContent": "center",
    }
  }
>
  <Text
    style={
      {
        "color": "#333",
        "fontSize": 24,
        "fontWeight": "bold",
        "marginBottom": 10,
      }
    }
  >
    Pins
  </Text>
  <Text
    style={
      {
        "color": "#666",
        "fontSize": 16,
      }
    }
  >
    This is the Pins component.
  </Text>
</View>
`;
